[debug] [2026-09-17T08:23:44.132Z] ----------------------------------------------------------------------
[debug] [2026-09-17T08:23:44.138Z] Command:       C:\Program Files\nodejs\node.exe C:\Program Files\nodejs\node_modules\firebase-tools\lib\bin\firebase.js deploy --only hosting
[debug] [2026-09-17T08:23:44.138Z] CLI Version:   15.28.1
[debug] [2026-09-17T08:23:44.138Z] Platform:      win32
[debug] [2026-09-17T08:23:44.139Z] Node Version:  v25.2.1
[debug] [2026-09-17T08:23:44.139Z] Detected Agent: unknown
[debug] [2026-09-17T08:23:44.139Z] Time:          Thu Sep 17 2026 10:23:44 GMT+0200 (Ora legale dell’Europa centrale)
[debug] [2026-09-17T08:23:44.140Z] ----------------------------------------------------------------------
[debug] 
[debug] [2026-09-17T08:23:46.791Z] > command requires scopes: ["email","openid","https://www.googleapis.com/auth/cloudplatformprojects.readonly","https://www.googleapis.com/auth/firebase","https://www.googleapis.com/auth/cloud-platform"]
[debug] [2026-09-17T08:23:46.791Z] > authorizing via signed-in user (andrea.casula96@gmail.com)
[debug] [2026-09-17T08:23:46.791Z] [iam] checking project shelfy-632e0 for permissions ["firebase.projects.get","firebasehosting.sites.update"]
[debug] [2026-09-17T08:23:46.810Z] Checked if tokens are valid: false, expires at: 1789632653722
[debug] [2026-09-17T08:23:46.810Z] Checked if tokens are valid: false, expires at: 1789632653722
[debug] [2026-09-17T08:23:46.810Z] > refreshing access token with scopes: []
[debug] [2026-09-17T08:23:46.813Z] >>> [apiv2][query] POST https://www.googleapis.com/oauth2/v3/token [none]
[debug] [2026-09-17T08:23:46.814Z] >>> [apiv2][body] POST https://www.googleapis.com/oauth2/v3/token [omitted]
[debug] [2026-09-17T08:23:47.008Z] <<< [apiv2][status] POST https://www.googleapis.com/oauth2/v3/token 200
[debug] [2026-09-17T08:23:47.008Z] <<< [apiv2][body] POST https://www.googleapis.com/oauth2/v3/token [omitted]
[debug] [2026-09-17T08:23:47.046Z] >>> [apiv2][query] POST https://cloudresourcemanager.googleapis.com/v1/projects/shelfy-632e0:testIamPermissions [none]
[debug] [2026-09-17T08:23:47.047Z] >>> [apiv2][(partial)header] POST https://cloudresourcemanager.googleapis.com/v1/projects/shelfy-632e0:testIamPermissions  x-goog-user-project=shelfy-632e0
[debug] [2026-09-17T08:23:47.047Z] >>> [apiv2][body] POST https://cloudresourcemanager.googleapis.com/v1/projects/shelfy-632e0:testIamPermissions {"permissions":["firebase.projects.get","firebasehosting.sites.update"]}
[debug] [2026-09-17T08:23:47.338Z] <<< [apiv2][status] POST https://cloudresourcemanager.googleapis.com/v1/projects/shelfy-632e0:testIamPermissions 200
[debug] [2026-09-17T08:23:47.338Z] <<< [apiv2][body] POST https://cloudresourcemanager.googleapis.com/v1/projects/shelfy-632e0:testIamPermissions {"permissions":["firebase.projects.get","firebasehosting.sites.update"]}
[debug] [2026-09-17T08:23:47.340Z] Checked if tokens are valid: true, expires at: 1789637026008
[debug] [2026-09-17T08:23:47.340Z] Checked if tokens are valid: true, expires at: 1789637026008
[debug] [2026-09-17T08:23:47.340Z] >>> [apiv2][query] GET https://firebase.googleapis.com/v1beta1/projects/shelfy-632e0 [none]
[debug] [2026-09-17T08:23:48.278Z] <<< [apiv2][status] GET https://firebase.googleapis.com/v1beta1/projects/shelfy-632e0 200
[debug] [2026-09-17T08:23:48.279Z] <<< [apiv2][body] GET https://firebase.googleapis.com/v1beta1/projects/shelfy-632e0 {"projectId":"shelfy-632e0","projectNumber":"288975536587","displayName":"Shelfy","name":"projects/shelfy-632e0","resources":{"hostingSite":"shelfy-632e0"},"state":"ACTIVE","labels":{"firebase":"enabled"},"etag":"1_121a067a-0f38-4984-aed6-4ac3c08d2096"}
[info] 
[info] === Deploying to 'shelfy-632e0'...
[info] 
[info] i  deploying hosting 
[debug] [2026-09-17T08:23:48.284Z] Checked if tokens are valid: true, expires at: 1789637026008
[debug] [2026-09-17T08:23:48.285Z] Checked if tokens are valid: true, expires at: 1789637026008
[debug] [2026-09-17T08:23:48.285Z] >>> [apiv2][query] GET https://firebasehosting.googleapis.com/v1beta1/projects/shelfy-632e0/sites/shelfy-632e0 [none]
[debug] [2026-09-17T08:23:49.388Z] <<< [apiv2][status] GET https://firebasehosting.googleapis.com/v1beta1/projects/shelfy-632e0/sites/shelfy-632e0 200
[debug] [2026-09-17T08:23:49.388Z] <<< [apiv2][body] GET https://firebasehosting.googleapis.com/v1beta1/projects/shelfy-632e0/sites/shelfy-632e0 {"name":"projects/shelfy-632e0/sites/shelfy-632e0","defaultUrl":"https://shelfy-632e0.web.app","type":"DEFAULT_SITE"}
[debug] [2026-09-17T08:23:49.392Z] Checked if tokens are valid: true, expires at: 1789637026008
[debug] [2026-09-17T08:23:49.392Z] Checked if tokens are valid: true, expires at: 1789637026008
[debug] [2026-09-17T08:23:49.394Z] >>> [apiv2][query] POST https://firebasehosting.googleapis.com/v1beta1/projects/-/sites/shelfy-632e0/versions [none]
[debug] [2026-09-17T08:23:49.394Z] >>> [apiv2][body] POST https://firebasehosting.googleapis.com/v1beta1/projects/-/sites/shelfy-632e0/versions {"status":"CREATED","labels":{"deployment-tool":"cli-firebase"}}
[debug] [2026-09-17T08:23:51.382Z] <<< [apiv2][status] POST https://firebasehosting.googleapis.com/v1beta1/projects/-/sites/shelfy-632e0/versions 200
[debug] [2026-09-17T08:23:51.382Z] <<< [apiv2][body] POST https://firebasehosting.googleapis.com/v1beta1/projects/-/sites/shelfy-632e0/versions {"name":"projects/288975536587/sites/shelfy-632e0/versions/fae57dccc42017da","status":"CREATED","config":{},"labels":{"deployment-tool":"cli-firebase"}}
[info] i  hosting[shelfy-632e0]: beginning deploy... 
[info] i  hosting[shelfy-632e0]: found 88 files in dist 
[debug] [2026-09-17T08:23:51.429Z] [hosting] uploading with 200 concurrency
[debug] [2026-09-17T08:23:51.743Z] Checked if tokens are valid: true, expires at: 1789637026008
[debug] [2026-09-17T08:23:51.743Z] Checked if tokens are valid: true, expires at: 1789637026008
[debug] [2026-09-17T08:23:51.745Z] [hosting] hash cache [ZGlzdA] stored for 88 files
[debug] [2026-09-17T08:23:51.746Z] [hosting][hash queue][FINAL] {"max":279,"min":6,"avg":37.522727272727266,"active":0,"complete":88,"success":88,"errored":0,"retried":0,"total":88,"elapsed":287}
[debug] [2026-09-17T08:23:51.746Z] >>> [apiv2][query] POST https://firebasehosting.googleapis.com/v1beta1/projects/288975536587/sites/shelfy-632e0/versions/fae57dccc42017da:populateFiles [none]
[debug] [2026-09-17T08:23:51.746Z] >>> [apiv2][body] POST https://firebasehosting.googleapis.com/v1beta1/projects/288975536587/sites/shelfy-632e0/versions/fae57dccc42017da:populateFiles {"files":{"/vercel.json":"8342cbce4806666116d31bf695387d44e7b39fd2e46bd410f9368d65a9c5c15e","/manifest.json":"41402e53fd131967eeb694707696699e1d07cac0c8ea99718783db9b1d5f2990","/icon-512.png":"2591817baad0f2e2b1385b89c03be2785029c0326f509752fecff1ae0a760666","/icon-192.png":"d26be012ca935b3da873cba25f6608d6c9827e46e9d0d36885c89006de330244","/apple-touch-icon.png":"b58dc270a7c9a8969bd1c0987a3e2014f1e4ec8dba3aca5e6eda60e7b7b42d71","/_sitemap.html":"c1a351d2def3f2ac17531f773cab55ff536bd3df0f06419f01ca8fa296e051d4","/scanner.html":"737391fdc3448bf3a0740af7bf7ebbc0c18786d62c5ea1a089b4e3e437471739","/settings.html":"737391fdc3448bf3a0740af7bf7ebbc0c18786d62c5ea1a089b4e3e437471739","/register.html":"737391fdc3448bf3a0740af7bf7ebbc0c18786d62c5ea1a089b4e3e437471739","/receipt-review.html":"737391fdc3448bf3a0740af7bf7ebbc0c18786d62c5ea1a089b4e3e437471739","/login.html":"737391fdc3448bf3a0740af7bf7ebbc0c18786d62c5ea1a089b4e3e437471739","/recipes.html":"737391fdc3448bf3a0740af7bf7ebbc0c18786d62c5ea1a089b4e3e437471739","/notifications.html":"737391fdc3448bf3a0740af7bf7ebbc0c18786d62c5ea1a089b4e3e437471739","/labels.html":"737391fdc3448bf3a0740af7bf7ebbc0c18786d62c5ea1a089b4e3e437471739","/receipt-scan.html":"737391fdc3448bf3a0740af7bf7ebbc0c18786d62c5ea1a089b4e3e437471739","/feedback.html":"737391fdc3448bf3a0740af7bf7ebbc0c18786d62c5ea1a089b4e3e437471739","/index.html":"737391fdc3448bf3a0740af7bf7ebbc0c18786d62c5ea1a089b4e3e437471739","/forgot-password.html":"737391fdc3448bf3a0740af7bf7ebbc0c18786d62c5ea1a089b4e3e437471739","/favicon.ico":"9881c1d6a8c68b9300c4effd0f930b0c3cb8ed73e7c460eaf8aa472a1c898f9a","/admin.html":"737391fdc3448bf3a0740af7bf7ebbc0c18786d62c5ea1a089b4e3e437471739","/admin-link.html":"737391fdc3448bf3a0740af7bf7ebbc0c18786d62c5ea1a089b4e3e437471739","/add.html":"737391fdc3448bf3a0740af7bf7ebbc0c18786d62c5ea1a089b4e3e437471739","/+not-found.html":"c1a351d2def3f2ac17531f773cab55ff536bd3df0f06419f01ca8fa296e051d4","/recipe/[id].html":"737391fdc3448bf3a0740af7bf7ebbc0c18786d62c5ea1a089b4e3e437471739","/_expo/static/js/web/index-4db2d963215f60be74af599785667c38.js":"c86d9a9fdbd24cb8c226d5a1c10f2344c3e7592985aa1834f8f880ca52ab279b","/recipe/request-new.html":"737391fdc3448bf3a0740af7bf7ebbc0c18786d62c5ea1a089b4e3e437471739","/recipe/create.html":"737391fdc3448bf3a0740af7bf7ebbc0c18786d62c5ea1a089b4e3e437471739","/recipe/request/[id].html":"737391fdc3448bf3a0740af7bf7ebbc0c18786d62c5ea1a089b4e3e437471739","/recipe/mine/[id].html":"737391fdc3448bf3a0740af7bf7ebbc0c18786d62c5ea1a089b4e3e437471739","/pantry/join.html":"737391fdc3448bf3a0740af7bf7ebbc0c18786d62c5ea1a089b4e3e437471739","/product/[id].html":"737391fdc3448bf3a0740af7bf7ebbc0c18786d62c5ea1a089b4e3e437471739","/assets/node_modules/expo-router/assets/unmatched.20e71bdf79e3a97bf55fd9e164041578.png":"05038227a11262b8b6423b09e444a8caaa0f4ed28a75e53227dcdb1ae6563c10","/join/[code].html":"737391fdc3448bf3a0740af7bf7ebbc0c18786d62c5ea1a089b4e3e437471739","/assets/node_modules/expo-router/assets/sitemap.412dd9275b6b48ad28f5e3d81bb1f626.png":"5842daba1576cae3106caef0bb9f10b0f9c63b372de6ebbc2898388e8ca97403","/pantry/[id].html":"737391fdc3448bf3a0740af7bf7ebbc0c18786d62c5ea1a089b4e3e437471739","/assets/node_modules/expo-router/assets/pkg.ab19f4cbc543357183a20571f68380a3.png":"fc49fe35572196fb9489a8a6c3a5fdf494d1dbd3c790d8e092163a97e2335cf5","/assets/node_modules/expo-router/assets/file.19eeb73b9593a38f8e9f418337fc7d10.png":"1b775caa762f51daa7eb4f32d5e23bd6d1534465aa4b8db24043ba52958c7762","/assets/node_modules/expo-router/assets/error.d1ea1496f9057eb392d5bbf3732a61b7.png":"0a480bcdcf300fe9491b2373c9ae721b253d96c5c9fbce2d7a880f708326615a","/assets/node_modules/@react-navigation/elements/lib/module/assets/search-icon.286d67d3f74808a60a78d3ebf1a5fb57.png":"8fee32cac2c20d75f401127dca613982bd2cc24636cb0baff0e739d7bc772925","/assets/node_modules/@react-navigation/elements/lib/module/assets/close-icon.808e1b1b9b53114ec2838071a7e6daa7@4x.png":"2c8022034bdd610675958206b2b484be727b204100f62403c34114bb868e296f","/assets/node_modules/@react-navigation/elements/lib/module/assets/close-icon.808e1b1b9b53114ec2838071a7e6daa7@3x.png":"4925d2fdfbfc79146b115d21777eeb92638afa1f1d7b0c32cdd2a30bd0ea60b1","/pantry/index.html":"737391fdc3448bf3a0740af7bf7ebbc0c18786d62c5ea1a089b4e3e437471739","/assets/node_modules/@react-navigation/elements/lib/module/assets/close-icon.808e1b1b9b53114ec2838071a7e6daa7@2x.png":"e15147d584d740de8fc401f1f020c291d86490953e6c61101a022db03b47e5d4","/assets/node_modules/expo-router/assets/forward.d8b800c443b8972542883e0b9de2bdc6.png":"23fdce0a02b9ef96dac5e6f6c3c9a990606ec15386d948617b615ad535c0a9ba","/assets/node_modules/@react-navigation/elements/lib/module/assets/close-icon.808e1b1b9b53114ec2838071a7e6daa7.png":"5a616c6292845fdb33e10e0393de7568448b276cdf6a313217a112295a96c79a","/assets/node_modules/@react-navigation/elements/lib/module/assets/clear-icon.c94f6478e7ae0cdd9f15de1fcb9e5e55@3x.png":"61b67e5683f40de4c348fbf06f8f0a72918e50eddd41f1ab6ab85b47f48b8db0","/assets/node_modules/@react-navigation/elements/lib/module/assets/clear-icon.c94f6478e7ae0cdd9f15de1fcb9e5e55@2x.png":"d54b64c57ed817c84b69fb726ca8a6a1119869fdabf423b6158603642faa9873","/assets/node_modules/expo-router/assets/arrow_down.017bc6ba3fc25503e5eb5e53826d48a8.png":"8699eab27bf0b771e9cdf40cec6150ebccf95f836644d54c8ddc89f9da4d3c0a","/assets/node_modules/@react-navigation/elements/lib/module/assets/clear-icon.c94f6478e7ae0cdd9f15de1fcb9e5e55.png":"ef62f98ad70f48d972d5e7f06fa668c61c554b3509601eae35eeda9256d7e6cc","/assets/node_modules/@react-navigation/elements/lib/module/assets/clear-icon.c94f6478e7ae0cdd9f15de1fcb9e5e55@4x.png":"ad78649de350f3826600d285134a41ab758b2b558865f257a9854474a2d7100f","/assets/node_modules/@react-navigation/elements/lib/module/assets/back-icon.35ba0eaec5a4f5ed12ca16fabeae451d.png":"c9dc675c0fa80f9b608ebff3c70479f21511b6b02c6ca5c2ee4da9be357b26a0","/assets/node_modules/@react-navigation/elements/lib/module/assets/back-icon-mask.0a328cd9c1afd0afe8e3b1ec5165b1b4.png":"c2f3e3f9697c952843aae5bdb3f9f5b39f6dde03cb589d366034cc3db25f5940","/assets/node_modules/@expo/vector-icons/build/vendor/react-native-vector-icons/Fonts/EvilIcons.140c53a7643ea949007aa9a282153849.ttf":"33cc61ed1c6f7b8415d75899ee2e0a9cd045aae85ced7de5243a4e091c4906d5","/(tabs)/recipes.html":"737391fdc3448bf3a0740af7bf7ebbc0c18786d62c5ea1a089b4e3e437471739","/(tabs)/notifications.html":"737391fdc3448bf3a0740af7bf7ebbc0c18786d62c5ea1a089b4e3e437471739","/(tabs)/index.html":"737391fdc3448bf3a0740af7bf7ebbc0c18786d62c5ea1a089b4e3e437471739","/(tabs)/admin-link.html":"737391fdc3448bf3a0740af7bf7ebbc0c18786d62c5ea1a089b4e3e437471739","/(tabs)/feedback.html":"737391fdc3448bf3a0740af7bf7ebbc0c18786d62c5ea1a089b4e3e437471739","/(auth)/register.html":"737391fdc3448bf3a0740af7bf7ebbc0c18786d62c5ea1a089b4e3e437471739","/(auth)/forgot-password.html":"737391fdc3448bf3a0740af7bf7ebbc0c18786d62c5ea1a089b4e3e437471739","/assets/node_modules/@expo-google-fonts/dm-sans/DMSans_700Bold.b9cec5212f09838534e6215d1f23ed55.ttf":"5e829e6ccfcf08bb422dd0f643907c7fe4c52d6cb2444f21150dc7cf714f0222","/assets/node_modules/@expo/vector-icons/build/vendor/react-native-vector-icons/Fonts/Zocial.1681f34aaca71b8dfb70756bca331eb2.ttf":"afa62b88cb08058a55259eaadc0a77071a233d672bf48528ec202d7e8e209fb1","/assets/node_modules/@expo-google-fonts/dm-sans/DMSans_700Bold_Italic.f83322c859de9fce83f15d5e6714d78d.ttf":"2d714401b63864e18e285d37c8fe4d4afc19e7fdd46eaea57668801a4f14b43d","/(auth)/login.html":"737391fdc3448bf3a0740af7bf7ebbc0c18786d62c5ea1a089b4e3e437471739","/assets/node_modules/@expo/vector-icons/build/vendor/react-native-vector-icons/Fonts/FontAwesome5_Regular.1f77739ca9ff2188b539c36f30ffa2be.ttf":"56a9ac2c85b7c593c1940ade60e56ee8a25d05f5568bf113d533db251ad1b86c","/assets/node_modules/@expo/vector-icons/build/vendor/react-native-vector-icons/Fonts/Feather.ca4b48e04dc1ce10bfbddb262c8b835f.ttf":"c2837c72480a878bbf3ce9e3c65009376020eddf40540f5d30f9eea76cd617c7","/assets/node_modules/@expo/vector-icons/build/vendor/react-native-vector-icons/Fonts/SimpleLineIcons.d2285965fe34b05465047401b8595dd0.ttf":"7dc88f09697a4ae07d5b51ae255548528f828fc13bf992b0920e448300aa63c5","/assets/node_modules/@expo/vector-icons/build/vendor/react-native-vector-icons/Fonts/Foundation.e20945d7c929279ef7a6f1db184a4470.ttf":"c2f91432452dc2af8572d423174cbafe05f90813619fbadce4de3f62b9ea9c07","/assets/node_modules/@expo/vector-icons/build/vendor/react-native-vector-icons/Fonts/FontAwesome6_Regular.370dd5af19f8364907b6e2c41f45dbbf.ttf":"1757df674dbf9203c0375f45b79386d14b26122806a23c9aac5f405a1f98700a","/assets/node_modules/@expo-google-fonts/dm-sans/DMSans_500Medium.24bfda9719b2ba60b94a0f9412757d10.ttf":"ea12a5764773bc6da7ba2cbbcc12541d0236ed368444eb1d195a3afda2f9929d","/assets/node_modules/@expo-google-fonts/dm-sans/DMSans_500Medium_Italic.a72ea4b3c89082b9308ef3fcabff9824.ttf":"997b65251ce5af46e2981604bde36de1a9c0e7752607e2aa30bd7cb9eff9c39f","/assets/node_modules/@expo/vector-icons/build/vendor/react-native-vector-icons/Fonts/Octicons.871378c6eab492a3e689a9385dc45a12.ttf":"a52e32ec2b8a58173e5824c468d992d9b65749e66ed521c3c28d57361e43deae","/assets/node_modules/@expo-google-fonts/dm-sans/DMSans_400Regular.7c217bc9433889f55c38ca9d058514d3.ttf":"e9b07b6563144c16bf16d058d09b1a4c19bea187aeb21db207a3508d86b77ac4","/assets/node_modules/@expo-google-fonts/dm-sans/DMSans_400Regular_Italic.1ea925903e098f94f5c51566770a2da8.ttf":"20bbcc0c0402fe85a0b5e20e9b9c59c817a2ce8f09e7d7792c18ac8bc93a5905","/assets/node_modules/@expo/vector-icons/build/vendor/react-native-vector-icons/Fonts/Entypo.31b5ffea3daddc69dd01a1f3d6cf63c5.ttf":"9f63a3b136a168c5850820e3e5ce7af5288e591715ecc7fa40938e5d6413bd0c","/assets/node_modules/@expo/vector-icons/build/vendor/react-native-vector-icons/Fonts/AntDesign.3f78af31cca60105799838a1a7a59fbd.ttf":"5688db18d40002c1d45f2a137810d091588c18de48f789babcc3931b58bb078c","/assets/assets/icon.89f76181d04e56c6baba5dadc427f4f9.png":"4a5d16b7d17154b9057a52aded016fa63540118463bc1717b94f64ffec97e749","/assets/node_modules/@expo/vector-icons/build/vendor/react-native-vector-icons/Fonts/FontAwesome5_Brands.3b89dd103490708d19a95adcae52210e.ttf":"b20ce98b15739af71e3b1ec6463aaecf660d88eec057c5a35ad29363089fc087","/assets/node_modules/@expo/vector-icons/build/vendor/react-native-vector-icons/Fonts/FontAwesome.b06871f281fee6b241d60582ae9369b9.ttf":"372cd1aecf58263d38b3dd9c528d48ab6189595bd4e2bd4b54e8d74dd87fb9e6","/assets/node_modules/@expo/vector-icons/build/vendor/react-native-vector-icons/Fonts/FontAwesome5_Solid.605ed7926cf39a2ad5ec2d1f9d391d3d.ttf":"07fd72248128f36099779414746afa143b93088555572cdf4748f73888385f92","/assets/node_modules/@expo/vector-icons/build/vendor/react-native-vector-icons/Fonts/FontAwesome6_Brands.56c8d80832e37783f12c05db7c8849e2.ttf":"6d3a52f16a8ad644d70f92c27551c11c8cb8da014bbda19bf7db6b1efa3bde76","/assets/node_modules/@expo/vector-icons/build/vendor/react-native-vector-icons/Fonts/Fontisto.b49ae8ab2dbccb02c4d11caaacf09eab.ttf":"c662a3e02d659bcd86404af2de6377d32528a9c34577df7903578bebdd9f3be5","/assets/node_modules/@expo/vector-icons/build/vendor/react-native-vector-icons/Fonts/MaterialIcons.4e85bc9ebe07e0340c9c4fc2f6c38908.ttf":"c9ad4674db8af46e0b4bdcff009bcf4925863535ce1230899d2576645ec07691","/assets/node_modules/@expo/vector-icons/build/vendor/react-native-vector-icons/Fonts/FontAwesome6_Solid.adec7d6f310bc577f05e8fe06a5daccf.ttf":"97fef656feed9857ff47cf63a1a94b1dc04ba9cde1282087981b472119929568","/assets/node_modules/@expo/vector-icons/build/vendor/react-native-vector-icons/Fonts/Ionicons.b4eb097d35f44ed943676fd56f6bdc51.ttf":"711ac561b20157b0f0daf1340845ff263b89bc1e2aae30638497716cef43996e","/assets/assets/splashScreenNew.b458b957844098fb4c46c42cd7222486.png":"68b32440c200af9926160448d605b436dafcb43fe2c2d583f76c027bdde0ef82","/assets/node_modules/@expo/vector-icons/build/vendor/react-native-vector-icons/Fonts/MaterialCommunityIcons.6e435534bd35da5fef04168860a9b8fa.ttf":"c3b223b088d2712e67f773b4f9589093ce20c1341ed97f3b9126c7862a3b3dc7","/_expo/static/js/web/entry-baf6e0ed88660a46de6bd8b4d3ccdbf3.js":"ad15ca1edaa2945110ad7f878fa8a22306ed39ff541d5be58a63b19564325d0b"}}
[debug] [2026-09-17T08:23:52.818Z] <<< [apiv2][status] POST https://firebasehosting.googleapis.com/v1beta1/projects/288975536587/sites/shelfy-632e0/versions/fae57dccc42017da:populateFiles 200
[debug] [2026-09-17T08:23:52.819Z] <<< [apiv2][body] POST https://firebasehosting.googleapis.com/v1beta1/projects/288975536587/sites/shelfy-632e0/versions/fae57dccc42017da:populateFiles {"uploadRequiredHashes":["737391fdc3448bf3a0740af7bf7ebbc0c18786d62c5ea1a089b4e3e437471739","c1a351d2def3f2ac17531f773cab55ff536bd3df0f06419f01ca8fa296e051d4","ad15ca1edaa2945110ad7f878fa8a22306ed39ff541d5be58a63b19564325d0b","c86d9a9fdbd24cb8c226d5a1c10f2344c3e7592985aa1834f8f880ca52ab279b"],"uploadUrl":"https://upload-firebasehosting.googleapis.com/upload/sites/shelfy-632e0/versions/fae57dccc42017da/files"}
[debug] [2026-09-17T08:23:52.820Z] Checked if tokens are valid: true, expires at: 1789637026008
[debug] [2026-09-17T08:23:52.820Z] Checked if tokens are valid: true, expires at: 1789637026008
[debug] [2026-09-17T08:23:52.821Z] Checked if tokens are valid: true, expires at: 1789637026008
[debug] [2026-09-17T08:23:52.821Z] Checked if tokens are valid: true, expires at: 1789637026008
[debug] [2026-09-17T08:23:52.822Z] Checked if tokens are valid: true, expires at: 1789637026008
[debug] [2026-09-17T08:23:52.822Z] Checked if tokens are valid: true, expires at: 1789637026008
[debug] [2026-09-17T08:23:52.822Z] Checked if tokens are valid: true, expires at: 1789637026008
[debug] [2026-09-17T08:23:52.822Z] Checked if tokens are valid: true, expires at: 1789637026008
[debug] [2026-09-17T08:23:52.822Z] >>> [apiv2][query] POST https://upload-firebasehosting.googleapis.com/upload/sites/shelfy-632e0/versions/fae57dccc42017da/files/737391fdc3448bf3a0740af7bf7ebbc0c18786d62c5ea1a089b4e3e437471739 [none]
[debug] [2026-09-17T08:23:52.823Z] >>> [apiv2][body] POST https://upload-firebasehosting.googleapis.com/upload/sites/shelfy-632e0/versions/fae57dccc42017da/files/737391fdc3448bf3a0740af7bf7ebbc0c18786d62c5ea1a089b4e3e437471739 [stream]
[debug] [2026-09-17T08:23:52.825Z] >>> [apiv2][query] POST https://upload-firebasehosting.googleapis.com/upload/sites/shelfy-632e0/versions/fae57dccc42017da/files/c1a351d2def3f2ac17531f773cab55ff536bd3df0f06419f01ca8fa296e051d4 [none]
[debug] [2026-09-17T08:23:52.825Z] >>> [apiv2][body] POST https://upload-firebasehosting.googleapis.com/upload/sites/shelfy-632e0/versions/fae57dccc42017da/files/c1a351d2def3f2ac17531f773cab55ff536bd3df0f06419f01ca8fa296e051d4 [stream]
[debug] [2026-09-17T08:23:52.826Z] >>> [apiv2][query] POST https://upload-firebasehosting.googleapis.com/upload/sites/shelfy-632e0/versions/fae57dccc42017da/files/ad15ca1edaa2945110ad7f878fa8a22306ed39ff541d5be58a63b19564325d0b [none]
[debug] [2026-09-17T08:23:52.826Z] >>> [apiv2][body] POST https://upload-firebasehosting.googleapis.com/upload/sites/shelfy-632e0/versions/fae57dccc42017da/files/ad15ca1edaa2945110ad7f878fa8a22306ed39ff541d5be58a63b19564325d0b [stream]
[debug] [2026-09-17T08:23:52.828Z] >>> [apiv2][query] POST https://upload-firebasehosting.googleapis.com/upload/sites/shelfy-632e0/versions/fae57dccc42017da/files/c86d9a9fdbd24cb8c226d5a1c10f2344c3e7592985aa1834f8f880ca52ab279b [none]
[debug] [2026-09-17T08:23:52.828Z] >>> [apiv2][body] POST https://upload-firebasehosting.googleapis.com/upload/sites/shelfy-632e0/versions/fae57dccc42017da/files/c86d9a9fdbd24cb8c226d5a1c10f2344c3e7592985aa1834f8f880ca52ab279b [stream]
[debug] [2026-09-17T08:23:52.835Z] [hosting][populate queue][FINAL] {"max":1079,"min":1079,"avg":1079,"active":0,"complete":1,"success":1,"errored":0,"retried":0,"total":1,"elapsed":1092}
[debug] [2026-09-17T08:23:52.835Z] [hosting] uploads queued: 4
[info] i  hosting: uploading new files [0/4] (0%) 
[debug] [2026-09-17T08:23:53.771Z] <<< [apiv2][status] POST https://upload-firebasehosting.googleapis.com/upload/sites/shelfy-632e0/versions/fae57dccc42017da/files/c1a351d2def3f2ac17531f773cab55ff536bd3df0f06419f01ca8fa296e051d4 200
[debug] [2026-09-17T08:23:53.771Z] <<< [apiv2][body] POST https://upload-firebasehosting.googleapis.com/upload/sites/shelfy-632e0/versions/fae57dccc42017da/files/c1a351d2def3f2ac17531f773cab55ff536bd3df0f06419f01ca8fa296e051d4 [stream]
[debug] [2026-09-17T08:23:54.029Z] <<< [apiv2][status] POST https://upload-firebasehosting.googleapis.com/upload/sites/shelfy-632e0/versions/fae57dccc42017da/files/737391fdc3448bf3a0740af7bf7ebbc0c18786d62c5ea1a089b4e3e437471739 200
[debug] [2026-09-17T08:23:54.030Z] <<< [apiv2][body] POST https://upload-firebasehosting.googleapis.com/upload/sites/shelfy-632e0/versions/fae57dccc42017da/files/737391fdc3448bf3a0740af7bf7ebbc0c18786d62c5ea1a089b4e3e437471739 [stream]
[debug] [2026-09-17T08:23:54.101Z] <<< [apiv2][status] POST https://upload-firebasehosting.googleapis.com/upload/sites/shelfy-632e0/versions/fae57dccc42017da/files/c86d9a9fdbd24cb8c226d5a1c10f2344c3e7592985aa1834f8f880ca52ab279b 200
[debug] [2026-09-17T08:23:54.101Z] <<< [apiv2][body] POST https://upload-firebasehosting.googleapis.com/upload/sites/shelfy-632e0/versions/fae57dccc42017da/files/c86d9a9fdbd24cb8c226d5a1c10f2344c3e7592985aa1834f8f880ca52ab279b [stream]
[debug] [2026-09-17T08:23:54.241Z] <<< [apiv2][status] POST https://upload-firebasehosting.googleapis.com/upload/sites/shelfy-632e0/versions/fae57dccc42017da/files/ad15ca1edaa2945110ad7f878fa8a22306ed39ff541d5be58a63b19564325d0b 200
[debug] [2026-09-17T08:23:54.241Z] <<< [apiv2][body] POST https://upload-firebasehosting.googleapis.com/upload/sites/shelfy-632e0/versions/fae57dccc42017da/files/ad15ca1edaa2945110ad7f878fa8a22306ed39ff541d5be58a63b19564325d0b [stream]
[debug] [2026-09-17T08:23:54.241Z] [hosting][upload queue][FINAL] {"max":1420,"min":952,"avg":1215.5,"active":0,"complete":4,"success":4,"errored":0,"retried":0,"total":4,"elapsed":1422}
[info] i  hosting: upload complete 
[info] +  hosting[shelfy-632e0]: file upload complete 
[debug] [2026-09-17T08:23:54.242Z] [hosting] deploy completed after 2854ms
[debug] [2026-09-17T08:23:54.242Z] [
  {
    "config": {
      "public": "dist",
      "ignore": [
        "firebase.json",
        "**/.*",
        "node_modules/**"
      ],
      "rewrites": [
        {
          "source": "**",
          "destination": "/index.html"
        }
      ],
      "site": "shelfy-632e0"
    },
    "version": "projects/288975536587/sites/shelfy-632e0/versions/fae57dccc42017da"
  }
]
[info] i  hosting[shelfy-632e0]: finalizing version... 
[debug] [2026-09-17T08:23:54.246Z] Checked if tokens are valid: true, expires at: 1789637026008
[debug] [2026-09-17T08:23:54.246Z] Checked if tokens are valid: true, expires at: 1789637026008
[debug] [2026-09-17T08:23:54.246Z] >>> [apiv2][query] PATCH https://firebasehosting.googleapis.com/v1beta1/projects/-/sites/shelfy-632e0/versions/fae57dccc42017da updateMask=status%2Cconfig
[debug] [2026-09-17T08:23:54.246Z] >>> [apiv2][body] PATCH https://firebasehosting.googleapis.com/v1beta1/projects/-/sites/shelfy-632e0/versions/fae57dccc42017da {"status":"FINALIZED","config":{"rewrites":[{"glob":"**","path":"/index.html"}]}}
[debug] [2026-09-17T08:23:55.588Z] <<< [apiv2][status] PATCH https://firebasehosting.googleapis.com/v1beta1/projects/-/sites/shelfy-632e0/versions/fae57dccc42017da 200
[debug] [2026-09-17T08:23:55.588Z] <<< [apiv2][body] PATCH https://firebasehosting.googleapis.com/v1beta1/projects/-/sites/shelfy-632e0/versions/fae57dccc42017da {"name":"projects/288975536587/sites/shelfy-632e0/versions/fae57dccc42017da","status":"FINALIZED","config":{"rewrites":[{"glob":"**","path":"/index.html"}]},"labels":{"deployment-tool":"cli-firebase"},"createTime":"2026-09-17T08:23:49.712760Z","createUser":{"email":"andrea.casula96@gmail.com"},"finalizeTime":"2026-09-17T08:23:55.172180Z","finalizeUser":{"email":"andrea.casula96@gmail.com"}}
[debug] [2026-09-17T08:23:55.588Z] [hosting] finalized version for shelfy-632e0:[object Object]
[info] +  hosting[shelfy-632e0]: version finalized 
[info] i  hosting[shelfy-632e0]: releasing new version... 
[debug] [2026-09-17T08:23:55.589Z] Checked if tokens are valid: true, expires at: 1789637026008
[debug] [2026-09-17T08:23:55.589Z] Checked if tokens are valid: true, expires at: 1789637026008
[debug] [2026-09-17T08:23:55.589Z] >>> [apiv2][query] POST https://firebasehosting.googleapis.com/v1beta1/projects/-/sites/shelfy-632e0/channels/live/releases versionName=projects%2F288975536587%2Fsites%2Fshelfy-632e0%2Fversions%2Ffae57dccc42017da
[debug] [2026-09-17T08:23:55.589Z] >>> [apiv2][body] POST https://firebasehosting.googleapis.com/v1beta1/projects/-/sites/shelfy-632e0/channels/live/releases {}
[debug] [2026-09-17T08:23:57.009Z] <<< [apiv2][status] POST https://firebasehosting.googleapis.com/v1beta1/projects/-/sites/shelfy-632e0/channels/live/releases 200
[debug] [2026-09-17T08:23:57.009Z] <<< [apiv2][body] POST https://firebasehosting.googleapis.com/v1beta1/projects/-/sites/shelfy-632e0/channels/live/releases {"name":"projects/288975536587/sites/shelfy-632e0/channels/live/releases/1789633435546000","version":{"name":"projects/288975536587/sites/shelfy-632e0/versions/fae57dccc42017da","status":"FINALIZED","config":{"rewrites":[{"glob":"**","path":"/index.html"}]},"labels":{"deployment-tool":"cli-firebase"},"createTime":"2026-09-17T08:23:49.712760Z","createUser":{"email":"andrea.casula96@gmail.com","imageUrl":"https://lh3.googleusercontent.com/a/ACg8ocIwRdU9YqwkscwOzGJIskveuxfVZuctblOyykkKdFHD2fxi5EKO"},"finalizeTime":"2026-09-17T08:23:55.172180Z","finalizeUser":{"email":"andrea.casula96@gmail.com","imageUrl":"https://lh3.googleusercontent.com/a/ACg8ocIwRdU9YqwkscwOzGJIskveuxfVZuctblOyykkKdFHD2fxi5EKO"}},"type":"DEPLOY","releaseTime":"2026-09-17T08:23:55.546Z","releaseUser":{"email":"andrea.casula96@gmail.com","imageUrl":"https://lh3.googleusercontent.com/a/ACg8ocIwRdU9YqwkscwOzGJIskveuxfVZuctblOyykkKdFHD2fxi5EKO"}}
[debug] [2026-09-17T08:23:57.009Z] [hosting] release: {"name":"projects/288975536587/sites/shelfy-632e0/channels/live/releases/1789633435546000","version":{"name":"projects/288975536587/sites/shelfy-632e0/versions/fae57dccc42017da","status":"FINALIZED","config":{"rewrites":[{"glob":"**","path":"/index.html"}]},"labels":{"deployment-tool":"cli-firebase"},"createTime":"2026-09-17T08:23:49.712760Z","createUser":{"email":"andrea.casula96@gmail.com","imageUrl":"https://lh3.googleusercontent.com/a/ACg8ocIwRdU9YqwkscwOzGJIskveuxfVZuctblOyykkKdFHD2fxi5EKO"},"finalizeTime":"2026-09-17T08:23:55.172180Z","finalizeUser":{"email":"andrea.casula96@gmail.com","imageUrl":"https://lh3.googleusercontent.com/a/ACg8ocIwRdU9YqwkscwOzGJIskveuxfVZuctblOyykkKdFHD2fxi5EKO"}},"type":"DEPLOY","releaseTime":"2026-09-17T08:23:55.546Z","releaseUser":{"email":"andrea.casula96@gmail.com","imageUrl":"https://lh3.googleusercontent.com/a/ACg8ocIwRdU9YqwkscwOzGJIskveuxfVZuctblOyykkKdFHD2fxi5EKO"}}
[info] +  hosting[shelfy-632e0]: release complete 
[info] 
[info] +  Deploy complete! 
[info] 
[info] Project Console: https://console.firebase.google.com/project/shelfy-632e0/overview
[info] Hosting URL: https://shelfy-632e0.web.app
[debug] [2026-09-17T11:01:48.220Z] ----------------------------------------------------------------------
[debug] [2026-09-17T11:01:48.222Z] Command:       C:\Program Files\nodejs\node.exe C:\Program Files\nodejs\node_modules\firebase-tools\lib\bin\firebase.js deploy --only hosting
[debug] [2026-09-17T11:01:48.222Z] CLI Version:   15.28.1
[debug] [2026-09-17T11:01:48.222Z] Platform:      win32
[debug] [2026-09-17T11:01:48.223Z] Node Version:  v25.2.1
[debug] [2026-09-17T11:01:48.223Z] Detected Agent: unknown
[debug] [2026-09-17T11:01:48.223Z] Time:          Thu Sep 17 2026 13:01:48 GMT+0200 (Ora legale dell’Europa centrale)
[debug] [2026-09-17T11:01:48.223Z] ----------------------------------------------------------------------
[debug] 
[debug] [2026-09-17T11:01:49.197Z] > command requires scopes: ["email","openid","https://www.googleapis.com/auth/cloudplatformprojects.readonly","https://www.googleapis.com/auth/firebase","https://www.googleapis.com/auth/cloud-platform"]
[debug] [2026-09-17T11:01:49.197Z] > authorizing via signed-in user (andrea.casula96@gmail.com)
[debug] [2026-09-17T11:01:49.197Z] [iam] checking project shelfy-632e0 for permissions ["firebase.projects.get","firebasehosting.sites.update"]
[debug] [2026-09-17T11:01:49.204Z] Checked if tokens are valid: false, expires at: 1789637026008
[debug] [2026-09-17T11:01:49.205Z] Checked if tokens are valid: false, expires at: 1789637026008
[debug] [2026-09-17T11:01:49.205Z] > refreshing access token with scopes: []
[debug] [2026-09-17T11:01:49.206Z] >>> [apiv2][query] POST https://www.googleapis.com/oauth2/v3/token [none]
[debug] [2026-09-17T11:01:49.206Z] >>> [apiv2][body] POST https://www.googleapis.com/oauth2/v3/token [omitted]
[debug] [2026-09-17T11:01:49.391Z] <<< [apiv2][status] POST https://www.googleapis.com/oauth2/v3/token 200
[debug] [2026-09-17T11:01:49.391Z] <<< [apiv2][body] POST https://www.googleapis.com/oauth2/v3/token [omitted]
[debug] [2026-09-17T11:01:49.417Z] >>> [apiv2][query] POST https://cloudresourcemanager.googleapis.com/v1/projects/shelfy-632e0:testIamPermissions [none]
[debug] [2026-09-17T11:01:49.417Z] >>> [apiv2][(partial)header] POST https://cloudresourcemanager.googleapis.com/v1/projects/shelfy-632e0:testIamPermissions  x-goog-user-project=shelfy-632e0
[debug] [2026-09-17T11:01:49.417Z] >>> [apiv2][body] POST https://cloudresourcemanager.googleapis.com/v1/projects/shelfy-632e0:testIamPermissions {"permissions":["firebase.projects.get","firebasehosting.sites.update"]}
[debug] [2026-09-17T11:01:50.244Z] <<< [apiv2][status] POST https://cloudresourcemanager.googleapis.com/v1/projects/shelfy-632e0:testIamPermissions 200
[debug] [2026-09-17T11:01:50.244Z] <<< [apiv2][body] POST https://cloudresourcemanager.googleapis.com/v1/projects/shelfy-632e0:testIamPermissions {"permissions":["firebase.projects.get","firebasehosting.sites.update"]}
[debug] [2026-09-17T11:01:50.245Z] Checked if tokens are valid: true, expires at: 1789646508391
[debug] [2026-09-17T11:01:50.245Z] Checked if tokens are valid: true, expires at: 1789646508391
[debug] [2026-09-17T11:01:50.245Z] >>> [apiv2][query] GET https://firebase.googleapis.com/v1beta1/projects/shelfy-632e0 [none]
[debug] [2026-09-17T11:01:50.665Z] <<< [apiv2][status] GET https://firebase.googleapis.com/v1beta1/projects/shelfy-632e0 200
[debug] [2026-09-17T11:01:50.665Z] <<< [apiv2][body] GET https://firebase.googleapis.com/v1beta1/projects/shelfy-632e0 {"projectId":"shelfy-632e0","projectNumber":"288975536587","displayName":"Shelfy","name":"projects/shelfy-632e0","resources":{"hostingSite":"shelfy-632e0"},"state":"ACTIVE","labels":{"firebase":"enabled"},"etag":"1_121a067a-0f38-4984-aed6-4ac3c08d2096"}
[info] 
[info] === Deploying to 'shelfy-632e0'...
[info] 
[info] i  deploying hosting 
[debug] [2026-09-17T11:01:50.667Z] Checked if tokens are valid: true, expires at: 1789646508391
[debug] [2026-09-17T11:01:50.667Z] Checked if tokens are valid: true, expires at: 1789646508391
[debug] [2026-09-17T11:01:50.667Z] >>> [apiv2][query] GET https://firebasehosting.googleapis.com/v1beta1/projects/shelfy-632e0/sites/shelfy-632e0 [none]
[debug] [2026-09-17T11:01:51.913Z] <<< [apiv2][status] GET https://firebasehosting.googleapis.com/v1beta1/projects/shelfy-632e0/sites/shelfy-632e0 200
[debug] [2026-09-17T11:01:51.913Z] <<< [apiv2][body] GET https://firebasehosting.googleapis.com/v1beta1/projects/shelfy-632e0/sites/shelfy-632e0 {"name":"projects/shelfy-632e0/sites/shelfy-632e0","defaultUrl":"https://shelfy-632e0.web.app","type":"DEFAULT_SITE"}
[debug] [2026-09-17T11:01:51.915Z] Checked if tokens are valid: true, expires at: 1789646508391
[debug] [2026-09-17T11:01:51.915Z] Checked if tokens are valid: true, expires at: 1789646508391
[debug] [2026-09-17T11:01:51.916Z] >>> [apiv2][query] POST https://firebasehosting.googleapis.com/v1beta1/projects/-/sites/shelfy-632e0/versions [none]
[debug] [2026-09-17T11:01:51.916Z] >>> [apiv2][body] POST https://firebasehosting.googleapis.com/v1beta1/projects/-/sites/shelfy-632e0/versions {"status":"CREATED","labels":{"deployment-tool":"cli-firebase"}}
[debug] [2026-09-17T11:01:53.826Z] <<< [apiv2][status] POST https://firebasehosting.googleapis.com/v1beta1/projects/-/sites/shelfy-632e0/versions 200
[debug] [2026-09-17T11:01:53.826Z] <<< [apiv2][body] POST https://firebasehosting.googleapis.com/v1beta1/projects/-/sites/shelfy-632e0/versions {"name":"projects/288975536587/sites/shelfy-632e0/versions/b712fda74be9653c","status":"CREATED","config":{},"labels":{"deployment-tool":"cli-firebase"}}
[info] i  hosting[shelfy-632e0]: beginning deploy... 
[info] i  hosting[shelfy-632e0]: found 88 files in dist 
[debug] [2026-09-17T11:01:53.841Z] [hosting] uploading with 200 concurrency
[debug] [2026-09-17T11:01:53.975Z] Checked if tokens are valid: true, expires at: 1789646508391
[debug] [2026-09-17T11:01:53.975Z] Checked if tokens are valid: true, expires at: 1789646508391
[debug] [2026-09-17T11:01:53.976Z] [hosting] hash cache [ZGlzdA] stored for 88 files
[debug] [2026-09-17T11:01:53.976Z] [hosting][hash queue][FINAL] {"max":131,"min":2,"avg":17.056818181818183,"active":0,"complete":88,"success":88,"errored":0,"retried":0,"total":88,"elapsed":134}
[debug] [2026-09-17T11:01:53.976Z] >>> [apiv2][query] POST https://firebasehosting.googleapis.com/v1beta1/projects/288975536587/sites/shelfy-632e0/versions/b712fda74be9653c:populateFiles [none]
[debug] [2026-09-17T11:01:53.976Z] >>> [apiv2][body] POST https://firebasehosting.googleapis.com/v1beta1/projects/288975536587/sites/shelfy-632e0/versions/b712fda74be9653c:populateFiles {"files":{"/vercel.json":"8342cbce4806666116d31bf695387d44e7b39fd2e46bd410f9368d65a9c5c15e","/manifest.json":"41402e53fd131967eeb694707696699e1d07cac0c8ea99718783db9b1d5f2990","/icon-512.png":"2591817baad0f2e2b1385b89c03be2785029c0326f509752fecff1ae0a760666","/icon-192.png":"d26be012ca935b3da873cba25f6608d6c9827e46e9d0d36885c89006de330244","/apple-touch-icon.png":"b58dc270a7c9a8969bd1c0987a3e2014f1e4ec8dba3aca5e6eda60e7b7b42d71","/_sitemap.html":"1f9834460f4a370b751d0355194e598bc0dd50a827332cf9888f75823bd9e406","/receipt-scan.html":"614444666f7a9782a22966f5e60175427d7776825b451b29037960872709d2bb","/recipes.html":"614444666f7a9782a22966f5e60175427d7776825b451b29037960872709d2bb","/settings.html":"614444666f7a9782a22966f5e60175427d7776825b451b29037960872709d2bb","/scanner.html":"614444666f7a9782a22966f5e60175427d7776825b451b29037960872709d2bb","/notifications.html":"614444666f7a9782a22966f5e60175427d7776825b451b29037960872709d2bb","/index.html":"614444666f7a9782a22966f5e60175427d7776825b451b29037960872709d2bb","/register.html":"614444666f7a9782a22966f5e60175427d7776825b451b29037960872709d2bb","/login.html":"614444666f7a9782a22966f5e60175427d7776825b451b29037960872709d2bb","/forgot-password.html":"614444666f7a9782a22966f5e60175427d7776825b451b29037960872709d2bb","/feedback.html":"614444666f7a9782a22966f5e60175427d7776825b451b29037960872709d2bb","/labels.html":"614444666f7a9782a22966f5e60175427d7776825b451b29037960872709d2bb","/admin.html":"614444666f7a9782a22966f5e60175427d7776825b451b29037960872709d2bb","/admin-link.html":"614444666f7a9782a22966f5e60175427d7776825b451b29037960872709d2bb","/favicon.ico":"9881c1d6a8c68b9300c4effd0f930b0c3cb8ed73e7c460eaf8aa472a1c898f9a","/add.html":"614444666f7a9782a22966f5e60175427d7776825b451b29037960872709d2bb","/+not-found.html":"1f9834460f4a370b751d0355194e598bc0dd50a827332cf9888f75823bd9e406","/recipe/[id].html":"614444666f7a9782a22966f5e60175427d7776825b451b29037960872709d2bb","/recipe/request/[id].html":"614444666f7a9782a22966f5e60175427d7776825b451b29037960872709d2bb","/_expo/static/js/web/index-ef8f4bd0d2edcfca8aedda6899126959.js":"617017cb9615304beb3aa0a65f715ac8a7fd4cb8c0a7983e0d6da654203af1c6","/product/[id].html":"614444666f7a9782a22966f5e60175427d7776825b451b29037960872709d2bb","/pantry/[id].html":"614444666f7a9782a22966f5e60175427d7776825b451b29037960872709d2bb","/recipe/mine/[id].html":"614444666f7a9782a22966f5e60175427d7776825b451b29037960872709d2bb","/pantry/join.html":"614444666f7a9782a22966f5e60175427d7776825b451b29037960872709d2bb","/assets/node_modules/expo-router/assets/sitemap.412dd9275b6b48ad28f5e3d81bb1f626.png":"5842daba1576cae3106caef0bb9f10b0f9c63b372de6ebbc2898388e8ca97403","/recipe/create.html":"614444666f7a9782a22966f5e60175427d7776825b451b29037960872709d2bb","/pantry/index.html":"614444666f7a9782a22966f5e60175427d7776825b451b29037960872709d2bb","/join/[code].html":"614444666f7a9782a22966f5e60175427d7776825b451b29037960872709d2bb","/assets/node_modules/expo-router/assets/unmatched.20e71bdf79e3a97bf55fd9e164041578.png":"05038227a11262b8b6423b09e444a8caaa0f4ed28a75e53227dcdb1ae6563c10","/assets/node_modules/expo-router/assets/pkg.ab19f4cbc543357183a20571f68380a3.png":"fc49fe35572196fb9489a8a6c3a5fdf494d1dbd3c790d8e092163a97e2335cf5","/assets/node_modules/expo-router/assets/forward.d8b800c443b8972542883e0b9de2bdc6.png":"23fdce0a02b9ef96dac5e6f6c3c9a990606ec15386d948617b615ad535c0a9ba","/assets/node_modules/expo-router/assets/file.19eeb73b9593a38f8e9f418337fc7d10.png":"1b775caa762f51daa7eb4f32d5e23bd6d1534465aa4b8db24043ba52958c7762","/assets/node_modules/@react-navigation/elements/lib/module/assets/close-icon.808e1b1b9b53114ec2838071a7e6daa7@4x.png":"2c8022034bdd610675958206b2b484be727b204100f62403c34114bb868e296f","/assets/node_modules/@react-navigation/elements/lib/module/assets/close-icon.808e1b1b9b53114ec2838071a7e6daa7@3x.png":"4925d2fdfbfc79146b115d21777eeb92638afa1f1d7b0c32cdd2a30bd0ea60b1","/assets/node_modules/@react-navigation/elements/lib/module/assets/search-icon.286d67d3f74808a60a78d3ebf1a5fb57.png":"8fee32cac2c20d75f401127dca613982bd2cc24636cb0baff0e739d7bc772925","/assets/node_modules/expo-router/assets/error.d1ea1496f9057eb392d5bbf3732a61b7.png":"0a480bcdcf300fe9491b2373c9ae721b253d96c5c9fbce2d7a880f708326615a","/assets/node_modules/@react-navigation/elements/lib/module/assets/close-icon.808e1b1b9b53114ec2838071a7e6daa7@2x.png":"e15147d584d740de8fc401f1f020c291d86490953e6c61101a022db03b47e5d4","/assets/node_modules/@react-navigation/elements/lib/module/assets/close-icon.808e1b1b9b53114ec2838071a7e6daa7.png":"5a616c6292845fdb33e10e0393de7568448b276cdf6a313217a112295a96c79a","/assets/node_modules/expo-router/assets/arrow_down.017bc6ba3fc25503e5eb5e53826d48a8.png":"8699eab27bf0b771e9cdf40cec6150ebccf95f836644d54c8ddc89f9da4d3c0a","/recipe/request-new.html":"614444666f7a9782a22966f5e60175427d7776825b451b29037960872709d2bb","/assets/node_modules/@react-navigation/elements/lib/module/assets/clear-icon.c94f6478e7ae0cdd9f15de1fcb9e5e55@4x.png":"ad78649de350f3826600d285134a41ab758b2b558865f257a9854474a2d7100f","/assets/node_modules/@react-navigation/elements/lib/module/assets/clear-icon.c94f6478e7ae0cdd9f15de1fcb9e5e55@2x.png":"d54b64c57ed817c84b69fb726ca8a6a1119869fdabf423b6158603642faa9873","/assets/node_modules/@react-navigation/elements/lib/module/assets/clear-icon.c94f6478e7ae0cdd9f15de1fcb9e5e55.png":"ef62f98ad70f48d972d5e7f06fa668c61c554b3509601eae35eeda9256d7e6cc","/assets/node_modules/@react-navigation/elements/lib/module/assets/back-icon.35ba0eaec5a4f5ed12ca16fabeae451d.png":"c9dc675c0fa80f9b608ebff3c70479f21511b6b02c6ca5c2ee4da9be357b26a0","/assets/node_modules/@react-navigation/elements/lib/module/assets/back-icon-mask.0a328cd9c1afd0afe8e3b1ec5165b1b4.png":"c2f3e3f9697c952843aae5bdb3f9f5b39f6dde03cb589d366034cc3db25f5940","/assets/node_modules/@react-navigation/elements/lib/module/assets/clear-icon.c94f6478e7ae0cdd9f15de1fcb9e5e55@3x.png":"61b67e5683f40de4c348fbf06f8f0a72918e50eddd41f1ab6ab85b47f48b8db0","/receipt-review.html":"614444666f7a9782a22966f5e60175427d7776825b451b29037960872709d2bb","/assets/node_modules/@expo/vector-icons/build/vendor/react-native-vector-icons/Fonts/EvilIcons.140c53a7643ea949007aa9a282153849.ttf":"33cc61ed1c6f7b8415d75899ee2e0a9cd045aae85ced7de5243a4e091c4906d5","/assets/node_modules/@expo-google-fonts/dm-sans/DMSans_700Bold_Italic.f83322c859de9fce83f15d5e6714d78d.ttf":"2d714401b63864e18e285d37c8fe4d4afc19e7fdd46eaea57668801a4f14b43d","/assets/node_modules/@expo-google-fonts/dm-sans/DMSans_700Bold.b9cec5212f09838534e6215d1f23ed55.ttf":"5e829e6ccfcf08bb422dd0f643907c7fe4c52d6cb2444f21150dc7cf714f0222","/(tabs)/recipes.html":"614444666f7a9782a22966f5e60175427d7776825b451b29037960872709d2bb","/(tabs)/notifications.html":"614444666f7a9782a22966f5e60175427d7776825b451b29037960872709d2bb","/(tabs)/index.html":"614444666f7a9782a22966f5e60175427d7776825b451b29037960872709d2bb","/assets/node_modules/@expo/vector-icons/build/vendor/react-native-vector-icons/Fonts/Zocial.1681f34aaca71b8dfb70756bca331eb2.ttf":"afa62b88cb08058a55259eaadc0a77071a233d672bf48528ec202d7e8e209fb1","/(tabs)/feedback.html":"614444666f7a9782a22966f5e60175427d7776825b451b29037960872709d2bb","/(tabs)/admin-link.html":"614444666f7a9782a22966f5e60175427d7776825b451b29037960872709d2bb","/(auth)/register.html":"614444666f7a9782a22966f5e60175427d7776825b451b29037960872709d2bb","/(auth)/login.html":"614444666f7a9782a22966f5e60175427d7776825b451b29037960872709d2bb","/(auth)/forgot-password.html":"614444666f7a9782a22966f5e60175427d7776825b451b29037960872709d2bb","/assets/node_modules/@expo/vector-icons/build/vendor/react-native-vector-icons/Fonts/FontAwesome5_Regular.1f77739ca9ff2188b539c36f30ffa2be.ttf":"56a9ac2c85b7c593c1940ade60e56ee8a25d05f5568bf113d533db251ad1b86c","/assets/node_modules/@expo/vector-icons/build/vendor/react-native-vector-icons/Fonts/Feather.ca4b48e04dc1ce10bfbddb262c8b835f.ttf":"c2837c72480a878bbf3ce9e3c65009376020eddf40540f5d30f9eea76cd617c7","/assets/node_modules/@expo/vector-icons/build/vendor/react-native-vector-icons/Fonts/SimpleLineIcons.d2285965fe34b05465047401b8595dd0.ttf":"7dc88f09697a4ae07d5b51ae255548528f828fc13bf992b0920e448300aa63c5","/assets/node_modules/@expo/vector-icons/build/vendor/react-native-vector-icons/Fonts/Foundation.e20945d7c929279ef7a6f1db184a4470.ttf":"c2f91432452dc2af8572d423174cbafe05f90813619fbadce4de3f62b9ea9c07","/assets/node_modules/@expo/vector-icons/build/vendor/react-native-vector-icons/Fonts/FontAwesome6_Regular.370dd5af19f8364907b6e2c41f45dbbf.ttf":"1757df674dbf9203c0375f45b79386d14b26122806a23c9aac5f405a1f98700a","/assets/node_modules/@expo-google-fonts/dm-sans/DMSans_500Medium.24bfda9719b2ba60b94a0f9412757d10.ttf":"ea12a5764773bc6da7ba2cbbcc12541d0236ed368444eb1d195a3afda2f9929d","/assets/node_modules/@expo-google-fonts/dm-sans/DMSans_400Regular_Italic.1ea925903e098f94f5c51566770a2da8.ttf":"20bbcc0c0402fe85a0b5e20e9b9c59c817a2ce8f09e7d7792c18ac8bc93a5905","/assets/node_modules/@expo-google-fonts/dm-sans/DMSans_500Medium_Italic.a72ea4b3c89082b9308ef3fcabff9824.ttf":"997b65251ce5af46e2981604bde36de1a9c0e7752607e2aa30bd7cb9eff9c39f","/assets/node_modules/@expo-google-fonts/dm-sans/DMSans_400Regular.7c217bc9433889f55c38ca9d058514d3.ttf":"e9b07b6563144c16bf16d058d09b1a4c19bea187aeb21db207a3508d86b77ac4","/assets/node_modules/@expo/vector-icons/build/vendor/react-native-vector-icons/Fonts/Octicons.871378c6eab492a3e689a9385dc45a12.ttf":"a52e32ec2b8a58173e5824c468d992d9b65749e66ed521c3c28d57361e43deae","/assets/node_modules/@expo/vector-icons/build/vendor/react-native-vector-icons/Fonts/Entypo.31b5ffea3daddc69dd01a1f3d6cf63c5.ttf":"9f63a3b136a168c5850820e3e5ce7af5288e591715ecc7fa40938e5d6413bd0c","/assets/node_modules/@expo/vector-icons/build/vendor/react-native-vector-icons/Fonts/AntDesign.3f78af31cca60105799838a1a7a59fbd.ttf":"5688db18d40002c1d45f2a137810d091588c18de48f789babcc3931b58bb078c","/assets/assets/icon.89f76181d04e56c6baba5dadc427f4f9.png":"4a5d16b7d17154b9057a52aded016fa63540118463bc1717b94f64ffec97e749","/assets/node_modules/@expo/vector-icons/build/vendor/react-native-vector-icons/Fonts/FontAwesome5_Brands.3b89dd103490708d19a95adcae52210e.ttf":"b20ce98b15739af71e3b1ec6463aaecf660d88eec057c5a35ad29363089fc087","/assets/node_modules/@expo/vector-icons/build/vendor/react-native-vector-icons/Fonts/FontAwesome.b06871f281fee6b241d60582ae9369b9.ttf":"372cd1aecf58263d38b3dd9c528d48ab6189595bd4e2bd4b54e8d74dd87fb9e6","/assets/node_modules/@expo/vector-icons/build/vendor/react-native-vector-icons/Fonts/FontAwesome5_Solid.605ed7926cf39a2ad5ec2d1f9d391d3d.ttf":"07fd72248128f36099779414746afa143b93088555572cdf4748f73888385f92","/assets/node_modules/@expo/vector-icons/build/vendor/react-native-vector-icons/Fonts/FontAwesome6_Brands.56c8d80832e37783f12c05db7c8849e2.ttf":"6d3a52f16a8ad644d70f92c27551c11c8cb8da014bbda19bf7db6b1efa3bde76","/assets/node_modules/@expo/vector-icons/build/vendor/react-native-vector-icons/Fonts/Fontisto.b49ae8ab2dbccb02c4d11caaacf09eab.ttf":"c662a3e02d659bcd86404af2de6377d32528a9c34577df7903578bebdd9f3be5","/assets/node_modules/@expo/vector-icons/build/vendor/react-native-vector-icons/Fonts/MaterialIcons.4e85bc9ebe07e0340c9c4fc2f6c38908.ttf":"c9ad4674db8af46e0b4bdcff009bcf4925863535ce1230899d2576645ec07691","/assets/node_modules/@expo/vector-icons/build/vendor/react-native-vector-icons/Fonts/FontAwesome6_Solid.adec7d6f310bc577f05e8fe06a5daccf.ttf":"97fef656feed9857ff47cf63a1a94b1dc04ba9cde1282087981b472119929568","/assets/node_modules/@expo/vector-icons/build/vendor/react-native-vector-icons/Fonts/Ionicons.b4eb097d35f44ed943676fd56f6bdc51.ttf":"711ac561b20157b0f0daf1340845ff263b89bc1e2aae30638497716cef43996e","/assets/assets/splashScreenNew.b458b957844098fb4c46c42cd7222486.png":"68b32440c200af9926160448d605b436dafcb43fe2c2d583f76c027bdde0ef82","/assets/node_modules/@expo/vector-icons/build/vendor/react-native-vector-icons/Fonts/MaterialCommunityIcons.6e435534bd35da5fef04168860a9b8fa.ttf":"c3b223b088d2712e67f773b4f9589093ce20c1341ed97f3b9126c7862a3b3dc7","/_expo/static/js/web/entry-0c34902219925203a7b1cd19659c8bd9.js":"3f6286dfc07d96efbb5915a2c7d292c38a12745f6e269475890985201df884e4"}}
[debug] [2026-09-17T11:01:55.140Z] <<< [apiv2][status] POST https://firebasehosting.googleapis.com/v1beta1/projects/288975536587/sites/shelfy-632e0/versions/b712fda74be9653c:populateFiles 200
[debug] [2026-09-17T11:01:55.140Z] <<< [apiv2][body] POST https://firebasehosting.googleapis.com/v1beta1/projects/288975536587/sites/shelfy-632e0/versions/b712fda74be9653c:populateFiles {"uploadRequiredHashes":["3f6286dfc07d96efbb5915a2c7d292c38a12745f6e269475890985201df884e4","617017cb9615304beb3aa0a65f715ac8a7fd4cb8c0a7983e0d6da654203af1c6","1f9834460f4a370b751d0355194e598bc0dd50a827332cf9888f75823bd9e406","614444666f7a9782a22966f5e60175427d7776825b451b29037960872709d2bb"],"uploadUrl":"https://upload-firebasehosting.googleapis.com/upload/sites/shelfy-632e0/versions/b712fda74be9653c/files"}
[debug] [2026-09-17T11:01:55.141Z] Checked if tokens are valid: true, expires at: 1789646508391
[debug] [2026-09-17T11:01:55.141Z] Checked if tokens are valid: true, expires at: 1789646508391
[debug] [2026-09-17T11:01:55.141Z] Checked if tokens are valid: true, expires at: 1789646508391
[debug] [2026-09-17T11:01:55.141Z] Checked if tokens are valid: true, expires at: 1789646508391
[debug] [2026-09-17T11:01:55.141Z] Checked if tokens are valid: true, expires at: 1789646508391
[debug] [2026-09-17T11:01:55.141Z] Checked if tokens are valid: true, expires at: 1789646508391
[debug] [2026-09-17T11:01:55.141Z] Checked if tokens are valid: true, expires at: 1789646508391
[debug] [2026-09-17T11:01:55.141Z] Checked if tokens are valid: true, expires at: 1789646508391
[debug] [2026-09-17T11:01:55.141Z] >>> [apiv2][query] POST https://upload-firebasehosting.googleapis.com/upload/sites/shelfy-632e0/versions/b712fda74be9653c/files/3f6286dfc07d96efbb5915a2c7d292c38a12745f6e269475890985201df884e4 [none]
[debug] [2026-09-17T11:01:55.141Z] >>> [apiv2][body] POST https://upload-firebasehosting.googleapis.com/upload/sites/shelfy-632e0/versions/b712fda74be9653c/files/3f6286dfc07d96efbb5915a2c7d292c38a12745f6e269475890985201df884e4 [stream]
[debug] [2026-09-17T11:01:55.142Z] >>> [apiv2][query] POST https://upload-firebasehosting.googleapis.com/upload/sites/shelfy-632e0/versions/b712fda74be9653c/files/617017cb9615304beb3aa0a65f715ac8a7fd4cb8c0a7983e0d6da654203af1c6 [none]
[debug] [2026-09-17T11:01:55.142Z] >>> [apiv2][body] POST https://upload-firebasehosting.googleapis.com/upload/sites/shelfy-632e0/versions/b712fda74be9653c/files/617017cb9615304beb3aa0a65f715ac8a7fd4cb8c0a7983e0d6da654203af1c6 [stream]
[debug] [2026-09-17T11:01:55.142Z] >>> [apiv2][query] POST https://upload-firebasehosting.googleapis.com/upload/sites/shelfy-632e0/versions/b712fda74be9653c/files/1f9834460f4a370b751d0355194e598bc0dd50a827332cf9888f75823bd9e406 [none]
[debug] [2026-09-17T11:01:55.142Z] >>> [apiv2][body] POST https://upload-firebasehosting.googleapis.com/upload/sites/shelfy-632e0/versions/b712fda74be9653c/files/1f9834460f4a370b751d0355194e598bc0dd50a827332cf9888f75823bd9e406 [stream]
[debug] [2026-09-17T11:01:55.143Z] >>> [apiv2][query] POST https://upload-firebasehosting.googleapis.com/upload/sites/shelfy-632e0/versions/b712fda74be9653c/files/614444666f7a9782a22966f5e60175427d7776825b451b29037960872709d2bb [none]
[debug] [2026-09-17T11:01:55.143Z] >>> [apiv2][body] POST https://upload-firebasehosting.googleapis.com/upload/sites/shelfy-632e0/versions/b712fda74be9653c/files/614444666f7a9782a22966f5e60175427d7776825b451b29037960872709d2bb [stream]
[debug] [2026-09-17T11:01:55.145Z] [hosting][populate queue][FINAL] {"max":1166,"min":1166,"avg":1166,"active":0,"complete":1,"success":1,"errored":0,"retried":0,"total":1,"elapsed":1170}
[debug] [2026-09-17T11:01:55.145Z] [hosting] uploads queued: 4
[info] i  hosting: uploading new files [0/4] (0%) 
[debug] [2026-09-17T11:01:56.125Z] <<< [apiv2][status] POST https://upload-firebasehosting.googleapis.com/upload/sites/shelfy-632e0/versions/b712fda74be9653c/files/617017cb9615304beb3aa0a65f715ac8a7fd4cb8c0a7983e0d6da654203af1c6 200
[debug] [2026-09-17T11:01:56.126Z] <<< [apiv2][body] POST https://upload-firebasehosting.googleapis.com/upload/sites/shelfy-632e0/versions/b712fda74be9653c/files/617017cb9615304beb3aa0a65f715ac8a7fd4cb8c0a7983e0d6da654203af1c6 [stream]
[debug] [2026-09-17T11:01:56.126Z] <<< [apiv2][status] POST https://upload-firebasehosting.googleapis.com/upload/sites/shelfy-632e0/versions/b712fda74be9653c/files/1f9834460f4a370b751d0355194e598bc0dd50a827332cf9888f75823bd9e406 200
[debug] [2026-09-17T11:01:56.126Z] <<< [apiv2][body] POST https://upload-firebasehosting.googleapis.com/upload/sites/shelfy-632e0/versions/b712fda74be9653c/files/1f9834460f4a370b751d0355194e598bc0dd50a827332cf9888f75823bd9e406 [stream]
[debug] [2026-09-17T11:01:56.206Z] <<< [apiv2][status] POST https://upload-firebasehosting.googleapis.com/upload/sites/shelfy-632e0/versions/b712fda74be9653c/files/614444666f7a9782a22966f5e60175427d7776825b451b29037960872709d2bb 200
[debug] [2026-09-17T11:01:56.206Z] <<< [apiv2][body] POST https://upload-firebasehosting.googleapis.com/upload/sites/shelfy-632e0/versions/b712fda74be9653c/files/614444666f7a9782a22966f5e60175427d7776825b451b29037960872709d2bb [stream]
[debug] [2026-09-17T11:01:56.307Z] <<< [apiv2][status] POST https://upload-firebasehosting.googleapis.com/upload/sites/shelfy-632e0/versions/b712fda74be9653c/files/3f6286dfc07d96efbb5915a2c7d292c38a12745f6e269475890985201df884e4 200
[debug] [2026-09-17T11:01:56.307Z] <<< [apiv2][body] POST https://upload-firebasehosting.googleapis.com/upload/sites/shelfy-632e0/versions/b712fda74be9653c/files/3f6286dfc07d96efbb5915a2c7d292c38a12745f6e269475890985201df884e4 [stream]
[debug] [2026-09-17T11:01:56.307Z] [hosting][upload queue][FINAL] {"max":1166,"min":985,"avg":1050.75,"active":0,"complete":4,"success":4,"errored":0,"retried":0,"total":4,"elapsed":1166}
[info] i  hosting: upload complete 
[info] +  hosting[shelfy-632e0]: file upload complete 
[debug] [2026-09-17T11:01:56.308Z] [hosting] deploy completed after 2480ms
[debug] [2026-09-17T11:01:56.308Z] [
  {
    "config": {
      "public": "dist",
      "ignore": [
        "firebase.json",
        "**/.*",
        "node_modules/**"
      ],
      "rewrites": [
        {
          "source": "**",
          "destination": "/index.html"
        }
      ],
      "site": "shelfy-632e0"
    },
    "version": "projects/288975536587/sites/shelfy-632e0/versions/b712fda74be9653c"
  }
]
[info] i  hosting[shelfy-632e0]: finalizing version... 
[debug] [2026-09-17T11:01:56.310Z] Checked if tokens are valid: true, expires at: 1789646508391
[debug] [2026-09-17T11:01:56.311Z] Checked if tokens are valid: true, expires at: 1789646508391
[debug] [2026-09-17T11:01:56.311Z] >>> [apiv2][query] PATCH https://firebasehosting.googleapis.com/v1beta1/projects/-/sites/shelfy-632e0/versions/b712fda74be9653c updateMask=status%2Cconfig
[debug] [2026-09-17T11:01:56.311Z] >>> [apiv2][body] PATCH https://firebasehosting.googleapis.com/v1beta1/projects/-/sites/shelfy-632e0/versions/b712fda74be9653c {"status":"FINALIZED","config":{"rewrites":[{"glob":"**","path":"/index.html"}]}}
[debug] [2026-09-17T11:01:58.126Z] <<< [apiv2][status] PATCH https://firebasehosting.googleapis.com/v1beta1/projects/-/sites/shelfy-632e0/versions/b712fda74be9653c 200
[debug] [2026-09-17T11:01:58.126Z] <<< [apiv2][body] PATCH https://firebasehosting.googleapis.com/v1beta1/projects/-/sites/shelfy-632e0/versions/b712fda74be9653c {"name":"projects/288975536587/sites/shelfy-632e0/versions/b712fda74be9653c","status":"FINALIZED","config":{"rewrites":[{"glob":"**","path":"/index.html"}]},"labels":{"deployment-tool":"cli-firebase"},"createTime":"2026-09-17T11:01:52.244822Z","createUser":{"email":"andrea.casula96@gmail.com"},"finalizeTime":"2026-09-17T11:01:57.776756Z","finalizeUser":{"email":"andrea.casula96@gmail.com"}}
[debug] [2026-09-17T11:01:58.127Z] [hosting] finalized version for shelfy-632e0:[object Object]
[info] +  hosting[shelfy-632e0]: version finalized 
[info] i  hosting[shelfy-632e0]: releasing new version... 
[debug] [2026-09-17T11:01:58.127Z] Checked if tokens are valid: true, expires at: 1789646508391
[debug] [2026-09-17T11:01:58.127Z] Checked if tokens are valid: true, expires at: 1789646508391
[debug] [2026-09-17T11:01:58.127Z] >>> [apiv2][query] POST https://firebasehosting.googleapis.com/v1beta1/projects/-/sites/shelfy-632e0/channels/live/releases versionName=projects%2F288975536587%2Fsites%2Fshelfy-632e0%2Fversions%2Fb712fda74be9653c
[debug] [2026-09-17T11:01:58.127Z] >>> [apiv2][body] POST https://firebasehosting.googleapis.com/v1beta1/projects/-/sites/shelfy-632e0/channels/live/releases {}
[debug] [2026-09-17T11:01:59.510Z] <<< [apiv2][status] POST https://firebasehosting.googleapis.com/v1beta1/projects/-/sites/shelfy-632e0/channels/live/releases 200
[debug] [2026-09-17T11:01:59.510Z] <<< [apiv2][body] POST https://firebasehosting.googleapis.com/v1beta1/projects/-/sites/shelfy-632e0/channels/live/releases {"name":"projects/288975536587/sites/shelfy-632e0/channels/live/releases/1789642918208000","version":{"name":"projects/288975536587/sites/shelfy-632e0/versions/b712fda74be9653c","status":"FINALIZED","config":{"rewrites":[{"glob":"**","path":"/index.html"}]},"labels":{"deployment-tool":"cli-firebase"},"createTime":"2026-09-17T11:01:52.244822Z","createUser":{"email":"andrea.casula96@gmail.com","imageUrl":"https://lh3.googleusercontent.com/a/ACg8ocIwRdU9YqwkscwOzGJIskveuxfVZuctblOyykkKdFHD2fxi5EKO"},"finalizeTime":"2026-09-17T11:01:57.776756Z","finalizeUser":{"email":"andrea.casula96@gmail.com","imageUrl":"https://lh3.googleusercontent.com/a/ACg8ocIwRdU9YqwkscwOzGJIskveuxfVZuctblOyykkKdFHD2fxi5EKO"}},"type":"DEPLOY","releaseTime":"2026-09-17T11:01:58.208Z","releaseUser":{"email":"andrea.casula96@gmail.com","imageUrl":"https://lh3.googleusercontent.com/a/ACg8ocIwRdU9YqwkscwOzGJIskveuxfVZuctblOyykkKdFHD2fxi5EKO"}}
[debug] [2026-09-17T11:01:59.511Z] [hosting] release: {"name":"projects/288975536587/sites/shelfy-632e0/channels/live/releases/1789642918208000","version":{"name":"projects/288975536587/sites/shelfy-632e0/versions/b712fda74be9653c","status":"FINALIZED","config":{"rewrites":[{"glob":"**","path":"/index.html"}]},"labels":{"deployment-tool":"cli-firebase"},"createTime":"2026-09-17T11:01:52.244822Z","createUser":{"email":"andrea.casula96@gmail.com","imageUrl":"https://lh3.googleusercontent.com/a/ACg8ocIwRdU9YqwkscwOzGJIskveuxfVZuctblOyykkKdFHD2fxi5EKO"},"finalizeTime":"2026-09-17T11:01:57.776756Z","finalizeUser":{"email":"andrea.casula96@gmail.com","imageUrl":"https://lh3.googleusercontent.com/a/ACg8ocIwRdU9YqwkscwOzGJIskveuxfVZuctblOyykkKdFHD2fxi5EKO"}},"type":"DEPLOY","releaseTime":"2026-09-17T11:01:58.208Z","releaseUser":{"email":"andrea.casula96@gmail.com","imageUrl":"https://lh3.googleusercontent.com/a/ACg8ocIwRdU9YqwkscwOzGJIskveuxfVZuctblOyykkKdFHD2fxi5EKO"}}
[info] +  hosting[shelfy-632e0]: release complete 
[info] 
[info] +  Deploy complete! 
[info] 
[info] Project Console: https://console.firebase.google.com/project/shelfy-632e0/overview
[info] Hosting URL: https://shelfy-632e0.web.app
